2025-01-08 10:20:44,559 [INFO] MainUpdater:2872 - connection check result : 22
2025-01-08 10:20:46,501 [INFO] McuFinderGlobals:76 - Set McuFinderConnectedMode to false
2025-01-08 10:20:46,516 [INFO] MultiScanPanel:200 - Auto-refresh data requested => check proxy status ongoing
2025-01-08 10:20:46,518 [INFO] MultiScanPanel:204 - Proxy status is invalid
2025-01-08 10:20:46,525 [INFO] FinderPluginLoader:95 - Searching for filters in installed packs
2025-01-08 10:20:46,536 [INFO] FinderPluginLoader:108 - Found C:\Users\lagoeirl\STM32Cube\Repository\Packs\STMicroelectronics\X-CUBE-AI\9.1.0\CubeMX\plugins\ip\ai.9.1.0.jar
2025-01-08 10:20:46,538 [INFO] FinderPluginLoader:118 - Loading ai.9.1.0
2025-01-08 10:20:46,733 [INFO] McuExtendedFiltersManager:95 - Add MCU extended filter: Artificial Intelligence
2025-01-08 10:20:48,558 [INFO] AInterface:112 - AInterface using toolDir: C:/Users/lagoeirl/STM32Cube/Repository//Packs/STMicroelectronics/X-CUBE-AI/9.1.0/Utilities/windows
2025-01-08 10:20:49,586 [INFO] DetailPanel:341 - Set advertising image to C:/Users/lagoeirl/STM32Cube/Repository/\en.prom-stm32n6-mcu-finder.png
2025-01-08 10:20:57,801 [INFO] MultiScanPanel:200 - Auto-refresh data requested => check proxy status ongoing
2025-01-08 10:20:57,801 [INFO] MultiScanPanel:204 - Proxy status is invalid
2025-01-08 10:20:58,044 [INFO] DetailPanel:341 - Set advertising image to C:/Users/lagoeirl/STM32Cube/Repository/\en.prom-stm32n6-mcu-finder.png
2025-01-08 10:20:58,059 [INFO] DbBoards:642 - Loading board mini-images...
2025-01-08 10:20:58,212 [ERROR] DbBoards:659 - Image file not found for board B-WBA5M-WPAN: C:\Users\lagoeirl\.stmcufinder\plugins\mcufinder//mcu//boards_images/B-WBA5M-WPAN.jpg
2025-01-08 10:21:00,695 [ERROR] DbBoards:659 - Image file not found for board NUCLEO-U385RG-Q: C:\Users\lagoeirl\.stmcufinder\plugins\mcufinder//mcu//boards_images/NUCLEO-U385RG-Q.jpg
2025-01-08 10:21:00,725 [ERROR] DbBoards:659 - Image file not found for board NUCLEO-WB05KZ: C:\Users\lagoeirl\.stmcufinder\plugins\mcufinder//mcu//boards_images/NUCLEO-WB05KZ.jpg
2025-01-08 10:21:00,802 [ERROR] DbBoards:659 - Image file not found for board NUCLEO-WL33CC1: C:\Users\lagoeirl\.stmcufinder\plugins\mcufinder//mcu//boards_images/NUCLEO-WL33CC1.jpg
2025-01-08 10:21:00,802 [ERROR] DbBoards:659 - Image file not found for board NUCLEO-WL33CC2: C:\Users\lagoeirl\.stmcufinder\plugins\mcufinder//mcu//boards_images/NUCLEO-WL33CC2.jpg
2025-01-08 10:21:03,578 [INFO] DbBoards:665 - Loaded 204 board mini-images
2025-01-08 10:22:17,990 [INFO] MainUpdater:2872 - connection check result : 22
2025-01-08 10:22:18,001 [INFO] MainUpdater:2872 - connection check result : 22
2025-01-08 10:22:51,954 [INFO] MicroXplorer:468 - Change Database Path : 
2025-01-08 10:22:51,956 [INFO] MicroXplorer:498 - Change Database Version : DB.6.0.130
2025-01-08 10:22:52,017 [ERROR] ProjectManagerView:394 - 
java.lang.NullPointerException: Cannot invoke "javax.swing.JTextField.getText()" because the return value of "java.util.List.get(int)" is null
	at com.st.microxplorer.plugins.projectmanager.gui.ProjectChoiceTab$9.caretUpdate(ProjectChoiceTab.java:2616) ~[filemanager.jar:?]
	at javax.swing.text.JTextComponent.fireCaretUpdate(JTextComponent.java:408) ~[?:?]
	at javax.swing.text.JTextComponent$MutableCaretEvent.fire(JTextComponent.java:4484) ~[?:?]
	at javax.swing.text.JTextComponent$MutableCaretEvent.stateChanged(JTextComponent.java:4506) ~[?:?]
	at javax.swing.text.DefaultCaret.fireStateChanged(DefaultCaret.java:857) ~[?:?]
	at javax.swing.text.DefaultCaret.changeCaretPosition(DefaultCaret.java:1343) ~[?:?]
	at javax.swing.text.DefaultCaret.handleSetDot(DefaultCaret.java:1242) ~[?:?]
	at javax.swing.text.DefaultCaret.setDot(DefaultCaret.java:1223) ~[?:?]
	at javax.swing.text.DefaultCaret$Handler.insertUpdate(DefaultCaret.java:1819) ~[?:?]
	at javax.swing.text.AbstractDocument.fireInsertUpdate(AbstractDocument.java:227) ~[?:?]
	at javax.swing.text.AbstractDocument.handleInsertString(AbstractDocument.java:781) ~[?:?]
	at javax.swing.text.AbstractDocument.insertString(AbstractDocument.java:740) ~[?:?]
	at javax.swing.text.PlainDocument.insertString(PlainDocument.java:131) ~[?:?]
	at javax.swing.text.AbstractDocument.replace(AbstractDocument.java:699) ~[?:?]
	at javax.swing.text.JTextComponent.setText(JTextComponent.java:1725) ~[?:?]
	at com.st.microxplorer.plugins.projectmanager.gui.ProjectChoiceTab.createHeapStackFields(ProjectChoiceTab.java:975) ~[filemanager.jar:?]
	at com.st.microxplorer.plugins.projectmanager.gui.ProjectChoiceTab.buildLinkSettingsPanel(ProjectChoiceTab.java:3666) ~[filemanager.jar:?]
	at com.st.microxplorer.plugins.projectmanager.gui.ProjectChoiceTab.defineWindowsFields(ProjectChoiceTab.java:1934) ~[filemanager.jar:?]
	at com.st.microxplorer.plugins.projectmanager.gui.ProjectChoiceTab.updateSettings(ProjectChoiceTab.java:553) ~[filemanager.jar:?]
	at com.st.microxplorer.plugins.projectmanager.gui.ProjectSettingsPanel.UpdateDialog(ProjectSettingsPanel.java:245) ~[filemanager.jar:?]
	at com.st.microxplorer.plugins.projectmanager.ProjectManagerView.propertyChange(ProjectManagerView.java:391) ~[filemanager.jar:?]
	at java.beans.PropertyChangeSupport.fire(PropertyChangeSupport.java:343) ~[?:?]
	at java.beans.PropertyChangeSupport.firePropertyChange(PropertyChangeSupport.java:335) ~[?:?]
	at java.beans.PropertyChangeSupport.firePropertyChange(PropertyChangeSupport.java:268) ~[?:?]
	at com.st.microxplorer.util.MXPropertyChangeSupport.firePropertyChange(MXPropertyChangeSupport.java:54) ~[STM32CubeMX.jar:?]
	at com.st.microxplorer.mxsystem.MxSystem.closeConfig(MxSystem.java:899) ~[STM32CubeMX.jar:?]
	at com.st.microxplorer.maingui.MainPanel.closeConfig(MainPanel.java:789) ~[STM32CubeMX.jar:?]
	at com.st.microxplorer.plugins.filemanager.engine.OpenFileManager.loadConfigurationFile(OpenFileManager.java:265) ~[filemanager.jar:?]
	at com.st.microxplorer.plugins.filemanager.engine.MainFileManager.userLoadConfig(MainFileManager.java:340) ~[filemanager.jar:?]
	at com.st.microxplorer.plugins.filemanager.engine.MainFileManager.userLoadConfig(MainFileManager.java:318) ~[filemanager.jar:?]
	at com.st.microxplorer.plugins.filemanager.FileManagerView.getSpecificTask(FileManagerView.java:246) ~[filemanager.jar:?]
	at com.st.stm32cube.common.mx.editor.CubeMxEditor.getMxTabbedPaneInstance(CubeMxEditor.java:1198) ~[com.st.stm32cube.common.mx_6.13.0.202411220809/:?]
	at com.st.stm32cube.common.mx.editor.CubeMxEditor$12$1.createSwingComponent(CubeMxEditor.java:1068) ~[com.st.stm32cube.common.mx_6.13.0.202411220809/:?]
	at com.st.stm32cube.common.mx.oss.core.awtswtbridge.EmbeddedSwingComposite.doComponentCreation(EmbeddedSwingComposite.java:492) ~[com.st.stm32cube.common.mx.oss_6.13.0.202411220809/:?]
	at com.st.stm32cube.common.mx.oss.core.awtswtbridge.EmbeddedSwingComposite$4.run(EmbeddedSwingComposite.java:291) ~[com.st.stm32cube.common.mx.oss_6.13.0.202411220809/:?]
	at com.st.stm32cube.common.mx.oss.core.awtswtbridge.AwtEnvironment$2.run(AwtEnvironment.java:166) ~[com.st.stm32cube.common.mx.oss_6.13.0.202411220809/:?]
	at java.awt.event.InvocationEvent.dispatch(InvocationEvent.java:318) ~[?:?]
	at java.awt.EventQueue.dispatchEventImpl(EventQueue.java:773) ~[?:?]
	at java.awt.EventQueue$4.run(EventQueue.java:720) ~[?:?]
	at java.awt.EventQueue$4.run(EventQueue.java:714) ~[?:?]
	at java.security.AccessController.doPrivileged(AccessController.java:400) ~[?:?]
	at java.security.ProtectionDomain$JavaSecurityAccessImpl.doIntersectionPrivilege(ProtectionDomain.java:87) ~[?:?]
	at java.awt.EventQueue.dispatchEvent(EventQueue.java:742) ~[?:?]
	at java.awt.EventDispatchThread.pumpOneEventForFilters(EventDispatchThread.java:203) ~[?:?]
	at java.awt.EventDispatchThread.pumpEventsForFilter(EventDispatchThread.java:124) ~[?:?]
	at java.awt.EventDispatchThread.pumpEventsForHierarchy(EventDispatchThread.java:113) ~[?:?]
	at java.awt.EventDispatchThread.pumpEvents(EventDispatchThread.java:109) ~[?:?]
	at java.awt.EventDispatchThread.pumpEvents(EventDispatchThread.java:101) ~[?:?]
	at java.awt.EventDispatchThread.run(EventDispatchThread.java:90) ~[?:?]
2025-01-08 10:22:52,021 [WARN] ThirdParty:871 - waiting for thirdparty lock release [close project]
2025-01-08 10:22:52,021 [INFO] ThirdParty:873 - entering critical section [close project]
2025-01-08 10:22:52,021 [INFO] ThirdParty:883 - exiting critical section [close project]
2025-01-08 10:22:52,025 [INFO] PinOutPanel:1589 - setPackage(No Configuration,No Configuration)
2025-01-08 10:22:52,036 [INFO] UtilMem:75 - Begin LoadConfig() Used Memory: 809997808 Bytes (1073741824)
2025-01-08 10:22:52,038 [INFO] MicroXplorer:468 - Change Database Path : 
2025-01-08 10:22:52,039 [INFO] MicroXplorer:498 - Change Database Version : DB.6.0.130
2025-01-08 10:22:52,039 [INFO] OpenFileManager:332 - Change cursor
2025-01-08 10:22:52,113 [INFO] RulesReader:64 - Compatibility file has been processed (297 Rules)
2025-01-08 10:22:52,155 [INFO] Mcu:2035 - Initializing MCU STM32U545RETxQ STM32U545RETxQ STM32U545RET6Q
2025-01-08 10:22:57,189 [INFO] Context:748 - Trying to add GPIOservice into a context  which must be forbidden
2025-01-08 10:22:57,189 [INFO] Context:748 - Trying to add GPIOservice into a context  which must be forbidden
2025-01-08 10:22:59,644 [INFO] ImportTextPane:218 - (OptionalMessage_ERROR) Unable to find key (Mcu.ThirdPartyNb) in loaded IOC file
2025-01-08 10:22:59,644 [INFO] ImportTextPane:218 - (OptionalMessage_ERROR) Unable to find key (Mcu.PinsNb) in loaded IOC file
2025-01-08 10:22:59,644 [INFO] ImportTextPane:218 - (OptionalMessage_ERROR) Unable to find key (Mcu.IPNb) in loaded IOC file
2025-01-08 10:23:00,086 [WARN] ModelIntegratedComponent:63 - No mode defined for component null
2025-01-08 10:23:00,086 [WARN] ModelIntegratedComponent:63 - No mode defined for component null
2025-01-08 10:23:00,086 [WARN] ModelIntegratedComponent:63 - No mode defined for component null
2025-01-08 10:23:00,086 [WARN] ModelIntegratedComponent:63 - No mode defined for component null
2025-01-08 10:23:00,086 [WARN] ModelIntegratedComponent:63 - No mode defined for component null
2025-01-08 10:23:00,086 [WARN] ModelIntegratedComponent:63 - No mode defined for component null
2025-01-08 10:23:00,086 [WARN] ModelIntegratedComponent:63 - No mode defined for component null
2025-01-08 10:23:00,087 [WARN] ModelIntegratedComponent:63 - No mode defined for component null
2025-01-08 10:23:00,087 [WARN] ModelIntegratedComponent:63 - No mode defined for component null
2025-01-08 10:23:00,087 [WARN] ModelIntegratedComponent:63 - No mode defined for component null
2025-01-08 10:23:00,087 [WARN] ModelIntegratedComponent:63 - No mode defined for component null
2025-01-08 10:23:00,087 [WARN] ModelIntegratedComponent:63 - No mode defined for component null
2025-01-08 10:23:00,087 [WARN] ModelIntegratedComponent:63 - No mode defined for component null
2025-01-08 10:23:00,087 [WARN] ModelIntegratedComponent:63 - No mode defined for component null
2025-01-08 10:23:00,087 [WARN] ModelIntegratedComponent:63 - No mode defined for component null
2025-01-08 10:23:00,087 [WARN] ModelIntegratedComponent:63 - No mode defined for component null
2025-01-08 10:23:00,087 [WARN] ModelIntegratedComponent:63 - No mode defined for component null
2025-01-08 10:23:00,087 [WARN] ModelIntegratedComponent:63 - No mode defined for component null
2025-01-08 10:23:00,087 [WARN] ModelIntegratedComponent:63 - No mode defined for component null
2025-01-08 10:23:00,087 [WARN] ModelIntegratedComponent:63 - No mode defined for component null
2025-01-08 10:23:00,087 [WARN] ModelIntegratedComponent:63 - No mode defined for component null
2025-01-08 10:23:00,088 [WARN] ModelIntegratedComponent:63 - No mode defined for component null
2025-01-08 10:23:00,088 [WARN] ModelIntegratedComponent:63 - No mode defined for component null
2025-01-08 10:23:00,088 [WARN] ModelIntegratedComponent:63 - No mode defined for component null
2025-01-08 10:23:00,088 [WARN] ModelIntegratedComponent:63 - No mode defined for component null
2025-01-08 10:23:00,088 [WARN] ModelIntegratedComponent:63 - No mode defined for component null
2025-01-08 10:23:00,088 [WARN] ModelIntegratedComponent:63 - No mode defined for component null
2025-01-08 10:23:00,088 [WARN] ModelIntegratedComponent:63 - No mode defined for component null
2025-01-08 10:23:00,088 [WARN] ModelIntegratedComponent:63 - No mode defined for component null
2025-01-08 10:23:00,088 [WARN] ModelIntegratedComponent:63 - No mode defined for component null
2025-01-08 10:23:00,088 [WARN] ModelIntegratedComponent:63 - No mode defined for component null
2025-01-08 10:23:00,088 [WARN] ModelIntegratedComponent:63 - No mode defined for component null
2025-01-08 10:23:00,088 [WARN] ModelIntegratedComponent:63 - No mode defined for component null
2025-01-08 10:23:00,088 [WARN] ModelIntegratedComponent:63 - No mode defined for component null
2025-01-08 10:23:00,088 [WARN] ModelIntegratedComponent:63 - No mode defined for component null
2025-01-08 10:23:00,089 [WARN] ModelPack:524 - Component already loaded: STMicroelectronics:HAL Drivers:0.0.0:STMicroelectronics:Device:STMicro_Driver:XSPI:HAL::0.0.1:HAL_XSPI
2025-01-08 10:23:00,212 [INFO] RtosManager:555 - Registered RTOS mode: class=RTOS, group=ThreadX, mode=Core, owner=THREADX
2025-01-08 10:23:00,395 [INFO] ThirdPartyModel:298 - Start build external matchings
2025-01-08 10:23:02,227 [INFO] ThirdPartyModel:316 - End build external matchings
2025-01-08 10:23:02,958 [INFO] UtilMem:75 - End LoadConfig() Used Memory: 845079832 Bytes (1073741824)
2025-01-08 10:23:03,095 [WARN] ThirdParty:833 - waiting for thirdparty lock release [change project]
2025-01-08 10:23:03,095 [INFO] ThirdParty:835 - entering critical section [change project]
2025-01-08 10:23:03,095 [INFO] ThirdParty:1030 - CMSIS Pack Vendor :STMicroelectronics USBPD 4.1
2025-01-08 10:23:03,095 [INFO] ThirdParty:1030 - CMSIS Pack Vendor :STMicroelectronics X-CUBE-AZRTOS-H7 3.3.0
2025-01-08 10:23:03,095 [INFO] ThirdParty:1030 - CMSIS Pack Vendor :STMicroelectronics X-CUBE-NFC9 1.0.0
2025-01-08 10:23:03,095 [INFO] ThirdParty:1030 - CMSIS Pack Vendor :STMicroelectronics X-CUBE-GNSS1 6.0.0
2025-01-08 10:23:03,095 [INFO] ThirdParty:1030 - CMSIS Pack Vendor :STMicroelectronics USB_HOST 2.0.0
2025-01-08 10:23:03,096 [INFO] ThirdParty:1030 - CMSIS Pack Vendor :STMicroelectronics FP-SNS-MOTENVWB1 1.4.0
2025-01-08 10:23:03,096 [INFO] ThirdParty:1030 - CMSIS Pack Vendor :STMicroelectronics X-CUBE-AZRTOS-F4 1.1.0
2025-01-08 10:23:03,096 [INFO] ThirdParty:1030 - CMSIS Pack Vendor :STMicroelectronics LIBJPEG 8.0.0
2025-01-08 10:23:03,096 [INFO] ThirdParty:1030 - CMSIS Pack Vendor :STMicroelectronics FP-ATR-ASTRA1 2.0.1
2025-01-08 10:23:03,096 [INFO] ThirdParty:1030 - CMSIS Pack Vendor :STMicroelectronics X-CUBE-SMBUS 2.1.0
2025-01-08 10:23:03,096 [INFO] ThirdParty:1030 - CMSIS Pack Vendor :STMicroelectronics X-CUBE-WB05N 1.1.0
2025-01-08 10:23:03,096 [INFO] ThirdParty:1030 - CMSIS Pack Vendor :STMicroelectronics USB_DEVICE 3.0.0
2025-01-08 10:23:03,096 [INFO] ThirdParty:1030 - CMSIS Pack Vendor :STMicroelectronics X-CUBE-TCPP 4.1.0
2025-01-08 10:23:03,096 [INFO] ThirdParty:1030 - CMSIS Pack Vendor :STMicroelectronics X-CUBE-ISPU 2.1.0
2025-01-08 10:23:03,096 [INFO] ThirdParty:1030 - CMSIS Pack Vendor :STMicroelectronics X-CUBE-FREERTOS 1.2.0
2025-01-08 10:23:03,096 [INFO] ThirdParty:1030 - CMSIS Pack Vendor :STMicroelectronics X-CUBE-IPS 3.0.0
2025-01-08 10:23:03,097 [INFO] ThirdParty:1030 - CMSIS Pack Vendor :STMicroelectronics X-CUBE-AZRTOS-WB 2.0.0
2025-01-08 10:23:03,097 [INFO] ThirdParty:1030 - CMSIS Pack Vendor :STMicroelectronics X-CUBE-GNSS1 7.0.0
2025-01-08 10:23:03,097 [INFO] ThirdParty:1030 - CMSIS Pack Vendor :STMicroelectronics X-CUBE-GNSS1 7.0.1
2025-01-08 10:23:03,097 [INFO] ThirdParty:1030 - CMSIS Pack Vendor :STMicroelectronics X-CUBE-TOUCHGFX 4.23.0
2025-01-08 10:23:03,097 [INFO] ThirdParty:1030 - CMSIS Pack Vendor :STMicroelectronics X-CUBE-AZRTOS-F7 1.1.0
2025-01-08 10:23:03,097 [INFO] ThirdParty:1030 - CMSIS Pack Vendor :STMicroelectronics X-CUBE-AZRTOS-L5 2.0.0
2025-01-08 10:23:03,097 [INFO] ThirdParty:1030 - CMSIS Pack Vendor :STMicroelectronics USB_DEVICE 2.0.0
2025-01-08 10:23:03,097 [INFO] ThirdParty:1030 - CMSIS Pack Vendor :STMicroelectronics X-CUBE-NFC6 3.1.0
2025-01-08 10:23:03,097 [INFO] ThirdParty:1030 - CMSIS Pack Vendor :STMicroelectronics FP-SNS-STBOX1 2.0.0
2025-01-08 10:23:03,097 [INFO] ThirdParty:1030 - CMSIS Pack Vendor :STMicroelectronics X-CUBE-MEMS1 11.0.0
2025-01-08 10:23:03,098 [INFO] ThirdParty:1030 - CMSIS Pack Vendor :STMicroelectronics FreeRTOS 0.0.1
2025-01-08 10:23:03,098 [INFO] ThirdParty:1030 - CMSIS Pack Vendor :STMicroelectronics X-CUBE-AZRTOS-G0 1.1.0
2025-01-08 10:23:03,098 [INFO] ThirdParty:1030 - CMSIS Pack Vendor :STMicroelectronics X-CUBE-SAFEA1 1.2.2
2025-01-08 10:23:03,098 [INFO] ThirdParty:1030 - CMSIS Pack Vendor :STMicroelectronics X-CUBE-NFC4 3.0.0
2025-01-08 10:23:03,098 [INFO] ThirdParty:1030 - CMSIS Pack Vendor :STMicroelectronics X-CUBE-DPower 1.2.0
2025-01-08 10:23:03,099 [INFO] ThirdParty:1030 - CMSIS Pack Vendor :STMicroelectronics X-CUBE-SUBG2 5.0.0
2025-01-08 10:23:03,101 [INFO] ThirdParty:1030 - CMSIS Pack Vendor :STMicroelectronics STM32_WPAN 1.0.0
2025-01-08 10:23:03,102 [INFO] ThirdParty:1030 - CMSIS Pack Vendor :EmbeddedOffice I-CUBE-FS-RTOS 1.0.1
2025-01-08 10:23:03,102 [INFO] ThirdParty:1030 - CMSIS Pack Vendor :STMicroelectronics lwIP 2.0.3
2025-01-08 10:23:03,102 [INFO] ThirdParty:1030 - CMSIS Pack Vendor :STMicroelectronics FP-SNS-FLIGHT1 5.0.2
2025-01-08 10:23:03,102 [INFO] ThirdParty:1030 - CMSIS Pack Vendor :Cesanta I-CUBE-Mongoose 7.13.0
2025-01-08 10:23:03,102 [INFO] ThirdParty:1030 - CMSIS Pack Vendor :STMicroelectronics USB_HOST 1.0.0
2025-01-08 10:23:03,102 [INFO] ThirdParty:1030 - CMSIS Pack Vendor :Infineon AIROC-Wi-Fi-Bluetooth-STM32 1.7.0
2025-01-08 10:23:03,103 [INFO] ThirdParty:1030 - CMSIS Pack Vendor :STMicroelectronics X-CUBE-AI 9.0.0
2025-01-08 10:23:03,103 [INFO] ThirdParty:1030 - CMSIS Pack Vendor :STMicroelectronics X-CUBE-AZRTOS-G4 2.0.0
2025-01-08 10:23:03,103 [INFO] ThirdParty:1030 - CMSIS Pack Vendor :STMicroelectronics PDM2PCM 3.1.0
2025-01-08 10:23:03,103 [INFO] ThirdParty:1030 - CMSIS Pack Vendor :STMicroelectronics PDM2PCM 3.3.0
2025-01-08 10:23:03,104 [INFO] ThirdParty:1030 - CMSIS Pack Vendor :STMicroelectronics X-CUBE-DISPLAY 3.0.0
2025-01-08 10:23:03,104 [INFO] ThirdParty:1030 - CMSIS Pack Vendor :STMicroelectronics X-CUBE-TCPP 4.2.0
2025-01-08 10:23:03,104 [INFO] ThirdParty:1030 - CMSIS Pack Vendor :RealThread X-CUBE-RT-Thread_Nano 4.1.1
2025-01-08 10:23:03,104 [INFO] ThirdParty:1030 - CMSIS Pack Vendor :STMicroelectronics X-CUBE-BLE1 7.0.0
2025-01-08 10:23:03,104 [INFO] ThirdParty:1030 - CMSIS Pack Vendor :STMicroelectronics FP-ATR-SIGFOX1 3.2.0
2025-01-08 10:23:03,105 [INFO] ThirdParty:1030 - CMSIS Pack Vendor :STMicroelectronics X-CUBE-NFC10 1.0.0
2025-01-08 10:23:03,105 [INFO] ThirdParty:1030 - CMSIS Pack Vendor :wolfSSL I-CUBE-wolfSSL 5.7.2
2025-01-08 10:23:03,106 [INFO] ThirdParty:1030 - CMSIS Pack Vendor :quantropi X-CUBE-qispace-sdk-base 1.9.3
2025-01-08 10:23:03,106 [INFO] ThirdParty:1030 - CMSIS Pack Vendor :STMicroelectronics X-CUBE-ISPU 2.0.0
2025-01-08 10:23:03,106 [INFO] ThirdParty:1030 - CMSIS Pack Vendor :STMicroelectronics X-CUBE-BLEMGR 4.0.0
2025-01-08 10:23:03,106 [INFO] ThirdParty:1030 - CMSIS Pack Vendor :STMicroelectronics X-CUBE-EEPRMA1 5.1.0
2025-01-08 10:23:03,106 [INFO] ThirdParty:1030 - CMSIS Pack Vendor :STMicroelectronics HAL Drivers 0.0.0
2025-01-08 10:23:03,106 [INFO] ThirdParty:1030 - CMSIS Pack Vendor :STMicroelectronics MBEDTLS 2.16.2
2025-01-08 10:23:03,106 [INFO] ThirdParty:1030 - CMSIS Pack Vendor :STMicroelectronics X-CUBE-ALS 1.0.2
2025-01-08 10:23:03,106 [INFO] ThirdParty:1030 - CMSIS Pack Vendor :emotas I-CUBE-CANOPEN 1.3.0
2025-01-08 10:23:03,107 [INFO] ThirdParty:1030 - CMSIS Pack Vendor :STMicroelectronics X-CUBE-FREERTOS 1.3.0
2025-01-08 10:23:03,107 [INFO] ThirdParty:1030 - CMSIS Pack Vendor :STMicroelectronics X-CUBE-MEMS1 10.0.0
2025-01-08 10:23:03,107 [INFO] ThirdParty:1030 - CMSIS Pack Vendor :wolfSSL I-CUBE-wolfSSL 5.7.4
2025-01-08 10:23:03,107 [INFO] ThirdParty:1030 - CMSIS Pack Vendor :STMicroelectronics X-CUBE-NFC7 1.0.1
2025-01-08 10:23:03,107 [INFO] ThirdParty:1030 - CMSIS Pack Vendor :STMicroelectronics MBEDTLS 2.14.1
2025-01-08 10:23:03,107 [INFO] ThirdParty:1030 - CMSIS Pack Vendor :STMicroelectronics X-CUBE-TOUCHGFX 4.24.0
2025-01-08 10:23:03,107 [INFO] ThirdParty:1030 - CMSIS Pack Vendor :ITTIA_DB I-CUBE-ITTIADB 8.9.0
2025-01-08 10:23:03,107 [INFO] ThirdParty:1030 - CMSIS Pack Vendor :wolfSSL I-CUBE-wolfTPM 3.2.0
2025-01-08 10:23:03,107 [INFO] ThirdParty:1030 - CMSIS Pack Vendor :STMicroelectronics X-CUBE-TOUCHGFX 4.24.1
2025-01-08 10:23:03,107 [INFO] ThirdParty:1030 - CMSIS Pack Vendor :wolfSSL I-CUBE-wolfTPM 3.4.0
2025-01-08 10:23:03,108 [INFO] ThirdParty:1030 - CMSIS Pack Vendor :portGmbH I-Cube-SoM-uGOAL 1.1.0
2025-01-08 10:23:03,108 [INFO] ThirdParty:1030 - CMSIS Pack Vendor :STMicroelectronics X-CUBE-BLEMGR 3.1.0
2025-01-08 10:23:03,108 [INFO] ThirdParty:1030 - CMSIS Pack Vendor :STMicroelectronics ThreadX 1.0.0
2025-01-08 10:23:03,108 [INFO] ThirdParty:1030 - CMSIS Pack Vendor :STMicroelectronics FP-SNS-SMARTAG2 1.2.0
2025-01-08 10:23:03,108 [INFO] ThirdParty:1030 - CMSIS Pack Vendor :STMicroelectronics X-CUBE-MEMS1 11.1.0
2025-01-08 10:23:03,108 [INFO] ThirdParty:1030 - CMSIS Pack Vendor :STMicroelectronics X-CUBE-AZRTOS-WL 2.0.0
2025-01-08 10:23:03,108 [INFO] ThirdParty:1030 - CMSIS Pack Vendor :SEGGER I-CUBE-embOS 1.3.1
2025-01-08 10:23:03,108 [INFO] ThirdParty:1030 - CMSIS Pack Vendor :STMicroelectronics X-CUBE-ALGOBUILD 1.4.0
2025-01-08 10:23:03,108 [INFO] ThirdParty:1030 - CMSIS Pack Vendor :STMicroelectronics FP-SNS-MOTENV1 5.0.0
2025-01-08 10:23:03,109 [INFO] ThirdParty:1030 - CMSIS Pack Vendor :STMicroelectronics USB_DEVICE 1.0.0
2025-01-08 10:23:03,109 [INFO] ThirdParty:1030 - CMSIS Pack Vendor :STMicroelectronics X-CUBE-AZRTOS-H7RS 1.0.0
2025-01-08 10:23:03,109 [INFO] ThirdParty:1030 - CMSIS Pack Vendor :wolfSSL I-CUBE-wolfMQTT 1.19.0
2025-01-08 10:23:03,109 [INFO] ThirdParty:1030 - CMSIS Pack Vendor :STMicroelectronics X-CUBE-AZRTOS-L4 2.0.0
2025-01-08 10:23:03,109 [INFO] ThirdParty:1030 - CMSIS Pack Vendor :STMicroelectronics ThreadX 0.0.2
2025-01-08 10:23:03,109 [INFO] ThirdParty:1030 - CMSIS Pack Vendor :WES I-CUBE-Cesium 1.3.0
2025-01-08 10:23:03,110 [INFO] ThirdParty:1030 - CMSIS Pack Vendor :STMicroelectronics FP-ATR-ASTRA1 2.0.0
2025-01-08 10:23:03,110 [INFO] ThirdParty:1030 - CMSIS Pack Vendor :STMicroelectronics lwIP 2.1.2
2025-01-08 10:23:03,110 [INFO] ThirdParty:1030 - CMSIS Pack Vendor :STMicroelectronics X-CUBE-SFXS2LP1 4.0.0
2025-01-08 10:23:03,110 [INFO] ThirdParty:1030 - CMSIS Pack Vendor :STMicroelectronics X-CUBE-BLE2 3.3.0
2025-01-08 10:23:03,110 [INFO] ThirdParty:1030 - CMSIS Pack Vendor :STMicroelectronics X-CUBE-TOF1 3.4.2
2025-01-08 10:23:03,110 [INFO] ThirdParty:1030 - CMSIS Pack Vendor :STMicroelectronics X-CUBE-AI 9.1.0
2025-01-08 10:23:03,111 [INFO] ThirdParty:1030 - CMSIS Pack Vendor :Infineon AIROC-Wi-Fi-Bluetooth-STM32 1.6.1
2025-01-08 10:23:03,111 [INFO] ThirdParty:1030 - CMSIS Pack Vendor :STMicroelectronics X-CUBE-AZRTOS-H7 3.2.0
2025-01-08 10:23:03,111 [INFO] ThirdParty:1030 - CMSIS Pack Vendor :STMicroelectronics PDM2PCM 3.2.0
2025-01-08 10:23:03,111 [INFO] ThirdParty:1030 - CMSIS Pack Vendor :wolfSSL I-CUBE-wolfSSH 1.4.17
2025-01-08 10:23:03,112 [INFO] ThirdParty:841 - exiting critical section [change project]
2025-01-08 10:23:04,620 [INFO] PinOutPanel:1589 - setPackage(No Configuration,No Configuration)
2025-01-08 10:23:04,625 [INFO] PinOutPanel:1589 - setPackage(STM32U545RETxQ,LQFP64)
2025-01-08 10:23:08,210 [INFO] UtilMem:75 - Before build in PCC Used Memory: 865431464 Bytes (1073741824)
2025-01-08 10:23:18,205 [INFO] UtilMem:75 - After build in PCC Used Memory: 741821208 Bytes (1073741824)
2025-01-08 10:23:18,285 [INFO] IPUIPlugin:80 - create IPUIPlugin
2025-01-08 10:23:18,285 [INFO] IPUIPlugin:80 - create IPUIPlugin
2025-01-08 10:23:18,285 [INFO] IPUIPlugin:80 - create IPUIPlugin
2025-01-08 10:23:18,287 [INFO] IPUIPlugin:80 - create IPUIPlugin
2025-01-08 10:23:18,287 [INFO] IPUIPlugin:80 - create IPUIPlugin
2025-01-08 10:23:18,287 [INFO] IPUIPlugin:80 - create IPUIPlugin
2025-01-08 10:23:18,287 [INFO] IPUIPlugin:80 - create IPUIPlugin
2025-01-08 10:23:18,287 [INFO] IPUIPlugin:80 - create IPUIPlugin
2025-01-08 10:23:18,288 [INFO] IPUIPlugin:80 - create IPUIPlugin
2025-01-08 10:23:18,288 [INFO] IPUIPlugin:80 - create IPUIPlugin
2025-01-08 10:23:18,289 [INFO] IPUIPlugin:80 - create IPUIPlugin
2025-01-08 10:23:18,289 [INFO] IPUIPlugin:80 - create IPUIPlugin
2025-01-08 10:23:18,289 [INFO] IPUIPlugin:80 - create IPUIPlugin
2025-01-08 10:23:18,289 [INFO] IPUIPlugin:80 - create IPUIPlugin
2025-01-08 10:23:18,289 [INFO] IPUIPlugin:80 - create IPUIPlugin
2025-01-08 10:23:18,290 [INFO] IPUIPlugin:80 - create IPUIPlugin
2025-01-08 10:23:18,290 [INFO] IPUIPlugin:80 - create IPUIPlugin
2025-01-08 10:23:18,290 [INFO] IPUIPlugin:80 - create IPUIPlugin
2025-01-08 10:23:18,290 [INFO] IPUIPlugin:80 - create IPUIPlugin
2025-01-08 10:23:18,291 [INFO] IPUIPlugin:80 - create IPUIPlugin
2025-01-08 10:23:18,291 [INFO] IPUIPlugin:80 - create IPUIPlugin
2025-01-08 10:23:18,291 [INFO] IPUIPlugin:80 - create IPUIPlugin
2025-01-08 10:23:18,291 [INFO] IPUIPlugin:80 - create IPUIPlugin
2025-01-08 10:23:18,291 [INFO] IPUIPlugin:80 - create IPUIPlugin
2025-01-08 10:23:18,292 [INFO] IPUIPlugin:80 - create IPUIPlugin
2025-01-08 10:23:18,292 [INFO] IPUIPlugin:80 - create IPUIPlugin
2025-01-08 10:23:18,292 [INFO] IPUIPlugin:80 - create IPUIPlugin
2025-01-08 10:23:18,293 [INFO] IPUIPlugin:80 - create IPUIPlugin
2025-01-08 10:23:18,294 [INFO] IPUIPlugin:80 - create IPUIPlugin
2025-01-08 10:23:18,294 [INFO] IPUIPlugin:80 - create IPUIPlugin
2025-01-08 10:23:18,294 [INFO] IPUIPlugin:80 - create IPUIPlugin
2025-01-08 10:23:18,295 [INFO] IPUIPlugin:80 - create IPUIPlugin
2025-01-08 10:23:18,295 [INFO] IPUIPlugin:80 - create IPUIPlugin
2025-01-08 10:23:18,296 [INFO] IPUIPlugin:80 - create IPUIPlugin
2025-01-08 10:23:18,297 [INFO] IPUIPlugin:80 - create IPUIPlugin
2025-01-08 10:23:18,297 [INFO] IPUIPlugin:80 - create IPUIPlugin
2025-01-08 10:23:18,297 [INFO] IPUIPlugin:80 - create IPUIPlugin
2025-01-08 10:23:18,298 [INFO] IPUIPlugin:80 - create IPUIPlugin
2025-01-08 10:23:18,298 [INFO] IPUIPlugin:80 - create IPUIPlugin
2025-01-08 10:23:18,299 [INFO] IPUIPlugin:80 - create IPUIPlugin
2025-01-08 10:23:18,299 [INFO] IPUIPlugin:80 - create IPUIPlugin
2025-01-08 10:23:18,299 [INFO] IPUIPlugin:80 - create IPUIPlugin
2025-01-08 10:23:18,299 [INFO] IPUIPlugin:80 - create IPUIPlugin
2025-01-08 10:23:18,300 [INFO] IPUIPlugin:80 - create IPUIPlugin
2025-01-08 10:23:18,301 [INFO] IPUIPlugin:80 - create IPUIPlugin
2025-01-08 10:23:18,302 [INFO] IPUIPlugin:80 - create IPUIPlugin
2025-01-08 10:23:18,303 [INFO] IPUIPlugin:80 - create IPUIPlugin
2025-01-08 10:23:18,304 [INFO] IPUIPlugin:80 - create IPUIPlugin
2025-01-08 10:23:18,304 [INFO] IPUIPlugin:80 - create IPUIPlugin
2025-01-08 10:23:18,306 [INFO] IPUIPlugin:80 - create IPUIPlugin
2025-01-08 10:23:18,306 [INFO] IPUIPlugin:80 - create IPUIPlugin
2025-01-08 10:23:18,306 [INFO] IPUIPlugin:80 - create IPUIPlugin
2025-01-08 10:23:18,307 [INFO] IPUIPlugin:80 - create IPUIPlugin
2025-01-08 10:23:18,308 [INFO] IPUIPlugin:80 - create IPUIPlugin
2025-01-08 10:23:18,308 [INFO] IPUIPlugin:80 - create IPUIPlugin
2025-01-08 10:23:18,309 [INFO] IPUIPlugin:80 - create IPUIPlugin
2025-01-08 10:23:18,310 [INFO] IPUIPlugin:80 - create IPUIPlugin
2025-01-08 10:23:18,311 [INFO] IPUIPlugin:80 - create IPUIPlugin
2025-01-08 10:23:18,311 [INFO] IPUIPlugin:80 - create IPUIPlugin
2025-01-08 10:23:18,312 [INFO] IPUIPlugin:80 - create IPUIPlugin
2025-01-08 10:23:18,313 [INFO] IPUIPlugin:80 - create IPUIPlugin
2025-01-08 10:23:18,313 [INFO] IPUIPlugin:80 - create IPUIPlugin
2025-01-08 10:23:18,314 [INFO] IPUIPlugin:80 - create IPUIPlugin
2025-01-08 10:23:18,315 [INFO] IPUIPlugin:80 - create IPUIPlugin
2025-01-08 10:23:18,316 [INFO] IPUIPlugin:80 - create IPUIPlugin
2025-01-08 10:23:18,317 [INFO] IPUIPlugin:80 - create IPUIPlugin
2025-01-08 10:23:18,318 [INFO] IPUIPlugin:80 - create IPUIPlugin
2025-01-08 10:23:18,319 [INFO] IPUIPlugin:80 - create IPUIPlugin
2025-01-08 10:23:18,321 [INFO] IPUIPlugin:80 - create IPUIPlugin
2025-01-08 10:23:18,323 [INFO] IPUIPlugin:80 - create IPUIPlugin
2025-01-08 10:23:18,324 [INFO] IPUIPlugin:80 - create IPUIPlugin
2025-01-08 10:23:18,325 [INFO] IPUIPlugin:80 - create IPUIPlugin
2025-01-08 10:23:18,326 [INFO] IPUIPlugin:80 - create IPUIPlugin
2025-01-08 10:23:18,360 [INFO] IPUIPlugin:80 - create IPUIPlugin
2025-01-08 10:23:18,361 [INFO] IPUIPlugin:80 - create IPUIPlugin
2025-01-08 10:23:18,368 [INFO] IPUIPlugin:80 - create IPUIPlugin
2025-01-08 10:23:18,369 [INFO] IPUIPlugin:80 - create IPUIPlugin
2025-01-08 10:23:18,369 [INFO] IPUIPlugin:80 - create IPUIPlugin
2025-01-08 10:23:18,370 [INFO] IPUIPlugin:80 - create IPUIPlugin
2025-01-08 10:23:18,371 [INFO] IPUIPlugin:80 - create IPUIPlugin
2025-01-08 10:23:18,372 [INFO] IPUIPlugin:80 - create IPUIPlugin
2025-01-08 10:23:18,373 [INFO] IPUIPlugin:80 - create IPUIPlugin
2025-01-08 10:23:18,374 [INFO] IPUIPlugin:80 - create IPUIPlugin
2025-01-08 10:23:18,375 [INFO] IPUIPlugin:80 - create IPUIPlugin
2025-01-08 10:23:18,375 [INFO] IPUIPlugin:80 - create IPUIPlugin
2025-01-08 10:23:18,376 [INFO] IPUIPlugin:80 - create IPUIPlugin
2025-01-08 10:23:18,377 [INFO] IPUIPlugin:80 - create IPUIPlugin
2025-01-08 10:23:18,378 [INFO] IPUIPlugin:80 - create IPUIPlugin
2025-01-08 10:23:18,379 [INFO] IPUIPlugin:80 - create IPUIPlugin
2025-01-08 10:23:18,381 [INFO] IPUIPlugin:80 - create IPUIPlugin
2025-01-08 10:23:18,382 [INFO] IPUIPlugin:80 - create IPUIPlugin
2025-01-08 10:23:18,908 [INFO] CADModel:165 - CPN selected for project levelSTM32U545RET6Q
2025-01-08 10:23:18,909 [INFO] CADModel:114 - Register for checkConnection events
2025-01-08 10:23:18,961 [INFO] OpenFileManager:363 - Restore cursor
2025-01-08 10:23:21,501 [INFO] UtilMem:75 - End SaveConfig() Used Memory: 677627552 Bytes (1073741824)
2025-01-08 10:23:21,722 [WARN] Context:821 - Trying to set MEMORYMAP twice on same context CortexM33
2025-01-08 10:23:21,828 [INFO] UtilMem:75 - End SaveConfig() Used Memory: 719030000 Bytes (1073741824)
2025-01-08 10:23:21,828 [ERROR] ConfigurationRetriever:142 - IOException on connection: sw-center.st.com
2025-01-08 10:23:21,831 [ERROR] ConfigurationRetriever:142 - IOException on connection: sw-center.st.com
2025-01-08 10:23:21,832 [ERROR] ConfigurationRetriever:142 - IOException on connection: sw-center.st.com
2025-01-08 10:24:16,142 [INFO] BlockDiagram:2766 - set Specific Code input for plugin: MEMORYMAP
2025-01-08 10:24:16,143 [INFO] BlockDiagram:2766 - set Specific Code input for plugin: PWR
2025-01-08 10:24:16,143 [INFO] BlockDiagram:2766 - set Specific Code input for plugin: SYS
2025-01-08 10:24:16,143 [INFO] BlockDiagram:2766 - set Specific Code input for plugin: RCC
2025-01-08 10:24:16,143 [INFO] BlockDiagram:2766 - set Specific Code input for plugin: LPBAM
2025-01-08 10:24:16,143 [INFO] BlockDiagram:2766 - set Specific Code input for plugin: NVIC
2025-01-08 10:24:16,143 [INFO] BlockDiagram:2766 - set Specific Code input for plugin: LPBAMQUEUE
2025-01-08 10:24:16,149 [INFO] CodeGenerator:896 - code generatio: config db path: C:\ST\STM32CubeIDE_1.17.0\STM32CubeIDE\plugins\com.st.stm32cube.common.mx_6.13.0.202411220809\\db\
2025-01-08 10:24:16,524 [INFO] CodeEngine:255 - oldGeneratedFile, C:\Users\lagoeirl\STM32CubeIDE\AzureRTOS-STM32\USB_Standalone\MXTmpFiles\license.tmp_save
2025-01-08 10:24:16,938 [INFO] CodeEngine:279 - Generated code: C:\Users\lagoeirl\STM32CubeIDE\AzureRTOS-STM32\USB_Standalone\MXTmpFiles\license.tmp
2025-01-08 10:24:17,040 [WARN] IPConfigManager:98 - WARNING: Missing Config File for MEMORYMAP ip!!
2025-01-08 10:24:17,041 [WARN] IP:2251 - DefaultDataRegion not found: check if there is a RefParameter without a condition.
2025-01-08 10:24:17,235 [INFO] CodeEngine:255 - oldGeneratedFile, C:\Users\lagoeirl\STM32CubeIDE\AzureRTOS-STM32\USB_Standalone\MXTmpFiles\cortex.tmp_save
2025-01-08 10:24:17,498 [INFO] CodeEngine:279 - Generated code: C:\Users\lagoeirl\STM32CubeIDE\AzureRTOS-STM32\USB_Standalone\MXTmpFiles\cortex.tmp
2025-01-08 10:24:17,542 [INFO] CodeEngine:255 - oldGeneratedFile, C:\Users\lagoeirl\STM32CubeIDE\AzureRTOS-STM32\USB_Standalone\Core\Src\stm32u5xx_it.c_save
2025-01-08 10:24:18,644 [INFO] CodeEngine:279 - Generated code: C:\Users\lagoeirl\STM32CubeIDE\AzureRTOS-STM32\USB_Standalone\Core\Src\stm32u5xx_it.c
2025-01-08 10:24:18,697 [INFO] CodeEngine:255 - oldGeneratedFile, C:\Users\lagoeirl\STM32CubeIDE\AzureRTOS-STM32\USB_Standalone\Core\Inc\stm32u5xx_it.h_save
2025-01-08 10:24:19,919 [INFO] CodeEngine:279 - Generated code: C:\Users\lagoeirl\STM32CubeIDE\AzureRTOS-STM32\USB_Standalone\Core\Inc\stm32u5xx_it.h
2025-01-08 10:24:19,972 [INFO] CodeEngine:255 - oldGeneratedFile, C:\Users\lagoeirl\STM32CubeIDE\AzureRTOS-STM32\USB_Standalone\Core\Src\stm32u5xx_hal_msp.c_save
2025-01-08 10:24:20,122 [INFO] CodeEngine:279 - Generated code: C:\Users\lagoeirl\STM32CubeIDE\AzureRTOS-STM32\USB_Standalone\Core\Src\stm32u5xx_hal_msp.c
2025-01-08 10:24:20,141 [INFO] CodeEngine:255 - oldGeneratedFile, C:\Users\lagoeirl\STM32CubeIDE\AzureRTOS-STM32\USB_Standalone\MXTmpFiles\system.tmp_save
2025-01-08 10:24:20,216 [INFO] CodeEngine:279 - Generated code: C:\Users\lagoeirl\STM32CubeIDE\AzureRTOS-STM32\USB_Standalone\MXTmpFiles\system.tmp
2025-01-08 10:24:20,249 [INFO] CodeEngine:311 - oldGeneratedFile, C:\Users\lagoeirl\STM32CubeIDE\AzureRTOS-STM32\USB_Standalone\Core\Inc\stm32u5xx_hal_conf.h_save
2025-01-08 10:24:20,413 [INFO] CodeEngine:335 - Generated code: C:\Users\lagoeirl\STM32CubeIDE\AzureRTOS-STM32\USB_Standalone\Core\Inc\stm32u5xx_hal_conf.h
2025-01-08 10:24:20,470 [ERROR] ApiDbMcu:464 - Can't load MEMORYMAP-STM32xx root dir null
2025-01-08 10:24:20,470 [ERROR] ApiDbMcu:536 - Cannot parse MEMORYMAP_Config file : file do not exist
2025-01-08 10:24:20,474 [INFO] ApiDbMcu:508 - Load IP Config File for RCC
2025-01-08 10:24:20,511 [INFO] CodeEngine:255 - oldGeneratedFile, C:\Users\lagoeirl\STM32CubeIDE\AzureRTOS-STM32\USB_Standalone\Core\Inc\main.h_save
2025-01-08 10:24:20,644 [INFO] CodeEngine:279 - Generated code: C:\Users\lagoeirl\STM32CubeIDE\AzureRTOS-STM32\USB_Standalone\Core\Inc\main.h
2025-01-08 10:24:20,664 [INFO] CodeEngine:255 - oldGeneratedFile, C:\Users\lagoeirl\STM32CubeIDE\AzureRTOS-STM32\USB_Standalone\Core\Src\main.c_save
2025-01-08 10:24:20,853 [INFO] CodeEngine:279 - Generated code: C:\Users\lagoeirl\STM32CubeIDE\AzureRTOS-STM32\USB_Standalone\Core\Src\main.c
2025-01-08 10:24:21,455 [INFO] ProjectBuilder:3289 - Time for Copy HAL[1] : 370mS.
2025-01-08 10:24:21,489 [INFO] ProjectBuilder:4876 - Project Generator version: 4.5.0-RC5
2025-01-08 10:24:21,659 [INFO] ConfigFileManager:1579 - The Die is : DIE455
2025-01-08 10:24:21,683 [INFO] ApiDbMcu:508 - Load IP Config File for FILEX
2025-01-08 10:24:21,700 [INFO] ApiDbMcu:508 - Load IP Config File for LEVELX
2025-01-08 10:24:21,730 [INFO] ApiDbMcu:508 - Load IP Config File for NETXDUO
2025-01-08 10:24:21,751 [INFO] ApiDbMcu:508 - Load IP Config File for THREADX
2025-01-08 10:24:21,779 [INFO] ApiDbMcu:508 - Load IP Config File for TOUCHSENSING
2025-01-08 10:24:21,802 [INFO] ApiDbMcu:508 - Load IP Config File for USBX
2025-01-08 10:24:26,880 [INFO] ProjectBuilder:5154 - Time for Generating toolchain IDE Files: 5391mS.
2025-01-08 10:24:26,884 [INFO] ProjectBuilder:3146 - Time for Copy CMSIS : 4mS.
2025-01-08 10:24:26,888 [INFO] ProjectBuilder:3146 - Time for Copy CMSIS : 0mS.
